Archive member included to satisfy reference by file (symbol)

c:/program files (x86)/atmel/studio/7.0/toolchain/arm/arm-gnu-toolchain/bin/../lib/gcc/arm-none-eabi/6.3.1/thumb/v6-m\libgcc.a(_udivsi3.o)
                              src/ASF/sam0/drivers/system/clock/clock_samd20/gclk.o (__aeabi_uidiv)
c:/program files (x86)/atmel/studio/7.0/toolchain/arm/arm-gnu-toolchain/bin/../lib/gcc/arm-none-eabi/6.3.1/thumb/v6-m\libgcc.a(_dvmd_tls.o)
                              c:/program files (x86)/atmel/studio/7.0/toolchain/arm/arm-gnu-toolchain/bin/../lib/gcc/arm-none-eabi/6.3.1/thumb/v6-m\libgcc.a(_udivsi3.o) (__aeabi_idiv0)
c:/program files (x86)/atmel/studio/7.0/toolchain/arm/arm-gnu-toolchain/bin/../lib/gcc/arm-none-eabi/6.3.1/../../../../arm-none-eabi/lib/thumb/v6-m\libc_nano.a(lib_a-exit.o)
                              c:/program files (x86)/atmel/studio/7.0/toolchain/arm/arm-gnu-toolchain/bin/../lib/gcc/arm-none-eabi/6.3.1/../../../../arm-none-eabi/lib/thumb/v6-m/crt0.o (exit)
c:/program files (x86)/atmel/studio/7.0/toolchain/arm/arm-gnu-toolchain/bin/../lib/gcc/arm-none-eabi/6.3.1/../../../../arm-none-eabi/lib/thumb/v6-m\libc_nano.a(lib_a-impure.o)
                              c:/program files (x86)/atmel/studio/7.0/toolchain/arm/arm-gnu-toolchain/bin/../lib/gcc/arm-none-eabi/6.3.1/../../../../arm-none-eabi/lib/thumb/v6-m\libc_nano.a(lib_a-exit.o) (_global_impure_ptr)
c:/program files (x86)/atmel/studio/7.0/toolchain/arm/arm-gnu-toolchain/bin/../lib/gcc/arm-none-eabi/6.3.1/../../../../arm-none-eabi/lib/thumb/v6-m\libc_nano.a(lib_a-init.o)
                              c:/program files (x86)/atmel/studio/7.0/toolchain/arm/arm-gnu-toolchain/bin/../lib/gcc/arm-none-eabi/6.3.1/../../../../arm-none-eabi/lib/thumb/v6-m/crt0.o (__libc_init_array)
c:/program files (x86)/atmel/studio/7.0/toolchain/arm/arm-gnu-toolchain/bin/../lib/gcc/arm-none-eabi/6.3.1/../../../../arm-none-eabi/lib/thumb/v6-m\libc_nano.a(lib_a-memset.o)
                              c:/program files (x86)/atmel/studio/7.0/toolchain/arm/arm-gnu-toolchain/bin/../lib/gcc/arm-none-eabi/6.3.1/../../../../arm-none-eabi/lib/thumb/v6-m/crt0.o (memset)

Allocating common symbols
Common symbol       size              file

rx_buf              0x3               src/main.o

Discarded input sections

 .text          0x00000000        0x0 c:/program files (x86)/atmel/studio/7.0/toolchain/arm/arm-gnu-toolchain/bin/../lib/gcc/arm-none-eabi/6.3.1/thumb/v6-m/crti.o
 .data          0x00000000        0x0 c:/program files (x86)/atmel/studio/7.0/toolchain/arm/arm-gnu-toolchain/bin/../lib/gcc/arm-none-eabi/6.3.1/thumb/v6-m/crti.o
 .bss           0x00000000        0x0 c:/program files (x86)/atmel/studio/7.0/toolchain/arm/arm-gnu-toolchain/bin/../lib/gcc/arm-none-eabi/6.3.1/thumb/v6-m/crti.o
 .data          0x00000000        0x4 c:/program files (x86)/atmel/studio/7.0/toolchain/arm/arm-gnu-toolchain/bin/../lib/gcc/arm-none-eabi/6.3.1/thumb/v6-m/crtbegin.o
 .text          0x00000000       0x78 c:/program files (x86)/atmel/studio/7.0/toolchain/arm/arm-gnu-toolchain/bin/../lib/gcc/arm-none-eabi/6.3.1/../../../../arm-none-eabi/lib/thumb/v6-m/crt0.o
 .data          0x00000000        0x0 c:/program files (x86)/atmel/studio/7.0/toolchain/arm/arm-gnu-toolchain/bin/../lib/gcc/arm-none-eabi/6.3.1/../../../../arm-none-eabi/lib/thumb/v6-m/crt0.o
 .bss           0x00000000        0x0 c:/program files (x86)/atmel/studio/7.0/toolchain/arm/arm-gnu-toolchain/bin/../lib/gcc/arm-none-eabi/6.3.1/../../../../arm-none-eabi/lib/thumb/v6-m/crt0.o
 .ARM.extab     0x00000000        0x0 c:/program files (x86)/atmel/studio/7.0/toolchain/arm/arm-gnu-toolchain/bin/../lib/gcc/arm-none-eabi/6.3.1/../../../../arm-none-eabi/lib/thumb/v6-m/crt0.o
 .ARM.exidx     0x00000000        0x8 c:/program files (x86)/atmel/studio/7.0/toolchain/arm/arm-gnu-toolchain/bin/../lib/gcc/arm-none-eabi/6.3.1/../../../../arm-none-eabi/lib/thumb/v6-m/crt0.o
 .ARM.attributes
                0x00000000       0x1b c:/program files (x86)/atmel/studio/7.0/toolchain/arm/arm-gnu-toolchain/bin/../lib/gcc/arm-none-eabi/6.3.1/../../../../arm-none-eabi/lib/thumb/v6-m/crt0.o
 .group         0x00000000        0x8 src/ASF/common/utils/interrupt/interrupt_sam_nvic.o
 .group         0x00000000        0x8 src/ASF/common/utils/interrupt/interrupt_sam_nvic.o
 .group         0x00000000        0x8 src/ASF/common/utils/interrupt/interrupt_sam_nvic.o
 .group         0x00000000        0x8 src/ASF/common/utils/interrupt/interrupt_sam_nvic.o
 .group         0x00000000        0x8 src/ASF/common/utils/interrupt/interrupt_sam_nvic.o
 .group         0x00000000        0x8 src/ASF/common/utils/interrupt/interrupt_sam_nvic.o
 .group         0x00000000        0x8 src/ASF/common/utils/interrupt/interrupt_sam_nvic.o
 .group         0x00000000        0x8 src/ASF/common/utils/interrupt/interrupt_sam_nvic.o
 .group         0x00000000        0x8 src/ASF/common/utils/interrupt/interrupt_sam_nvic.o
[...]
Memory Configuration

Name             Origin             Length             Attributes
rom              0x00000000         0x00040000         xr
ram              0x20000000         0x00008000         xrw
*default*        0x00000000         0xffffffff

Linker script and memory map

LOAD c:/program files (x86)/atmel/studio/7.0/toolchain/arm/arm-gnu-toolchain/bin/../lib/gcc/arm-none-eabi/6.3.1/thumb/v6-m/crti.o
LOAD c:/program files (x86)/atmel/studio/7.0/toolchain/arm/arm-gnu-toolchain/bin/../lib/gcc/arm-none-eabi/6.3.1/thumb/v6-m/crtbegin.o
LOAD c:/program files (x86)/atmel/studio/7.0/toolchain/arm/arm-gnu-toolchain/bin/../lib/gcc/arm-none-eabi/6.3.1/../../../../arm-none-eabi/lib/thumb/v6-m/crt0.o
LOAD src/ASF/common/utils/interrupt/interrupt_sam_nvic.o
LOAD src/ASF/sam0/boards/samd20_xplained_pro/board_init.o
LOAD src/ASF/sam0/drivers/port/port.o
LOAD src/ASF/sam0/drivers/system/clock/clock_samd20/clock.o
LOAD src/ASF/sam0/drivers/system/clock/clock_samd20/gclk.o
LOAD src/ASF/sam0/drivers/system/interrupt/system_interrupt.o
LOAD src/ASF/sam0/drivers/system/pinmux/pinmux.o
LOAD src/ASF/sam0/drivers/system/system.o
LOAD src/ASF/sam0/utils/cmsis/samd20/source/gcc/startup_samd20.o
LOAD src/ASF/sam0/utils/cmsis/samd20/source/system_samd20.o
LOAD src/ASF/sam0/utils/syscalls/gcc/syscalls.o
LOAD src/main.o
START GROUP
LOAD ../src/ASF/thirdparty/CMSIS/Lib/GCC\libarm_cortexM0l_math.a
LOAD c:/program files (x86)/atmel/studio/7.0/toolchain/arm/arm-gnu-toolchain/bin/../lib/gcc/arm-none-eabi/6.3.1/../../../../arm-none-eabi/lib/thumb/v6-m\libm.a
END GROUP
START GROUP
LOAD c:/program files (x86)/atmel/studio/7.0/toolchain/arm/arm-gnu-toolchain/bin/../lib/gcc/arm-none-eabi/6.3.1/thumb/v6-m\libgcc.a
LOAD c:/program files (x86)/atmel/studio/7.0/toolchain/arm/arm-gnu-toolchain/bin/../lib/gcc/arm-none-eabi/6.3.1/../../../../arm-none-eabi/lib/thumb/v6-m\libc_nano.a
END GROUP
START GROUP
LOAD c:/program files (x86)/atmel/studio/7.0/toolchain/arm/arm-gnu-toolchain/bin/../lib/gcc/arm-none-eabi/6.3.1/thumb/v6-m\libgcc.a
LOAD c:/program files (x86)/atmel/studio/7.0/toolchain/arm/arm-gnu-toolchain/bin/../lib/gcc/arm-none-eabi/6.3.1/../../../../arm-none-eabi/lib/thumb/v6-m\libc_nano.a
END GROUP
LOAD c:/program files (x86)/atmel/studio/7.0/toolchain/arm/arm-gnu-toolchain/bin/../lib/gcc/arm-none-eabi/6.3.1/thumb/v6-m/crtend.o
LOAD c:/program files (x86)/atmel/studio/7.0/toolchain/arm/arm-gnu-toolchain/bin/../lib/gcc/arm-none-eabi/6.3.1/thumb/v6-m/crtn.o
                0x00002000                STACK_SIZE = DEFINED (STACK_SIZE)?STACK_SIZE:DEFINED (__stack_size__)?__stack_size__:0x2000

.text           0x00000000      0x8fc
                0x00000000                . = ALIGN (0x4)
                0x00000000                _sfixed = .
 *(.vectors .vectors.*)
 .vectors       0x00000000       0xa4 src/ASF/sam0/utils/cmsis/samd20/source/gcc/startup_samd20.o
                0x00000000                exception_table
 *(.text .text.* .gnu.linkonce.t.*)
 .text          0x000000a4       0x60 c:/program files (x86)/atmel/studio/7.0/toolchain/arm/arm-gnu-toolchain/bin/../lib/gcc/arm-none-eabi/6.3.1/thumb/v6-m/crtbegin.o
 .text.cpu_irq_enter_critical
                0x00000104       0x40 src/ASF/common/utils/interrupt/interrupt_sam_nvic.o
                0x00000104                cpu_irq_enter_critical
 .text.cpu_irq_leave_critical
                0x00000144       0x30 src/ASF/common/utils/interrupt/interrupt_sam_nvic.o
                0x00000144                cpu_irq_leave_critical
 .text.system_board_init
                0x00000174       0x38 src/ASF/sam0/boards/samd20_xplained_pro/board_init.o
                0x00000174                board_init
                0x00000174                system_board_init
 .text.port_pin_set_config
                0x000001ac       0x24 src/ASF/sam0/drivers/port/port.o
                0x000001ac                port_pin_set_config
 .text.system_clock_source_osc8m_set_config
                0x000001d0       0x3c src/ASF/sam0/drivers/system/clock/clock_samd20/clock.o
                0x000001d0                system_clock_source_osc8m_set_config
 .text.system_clock_source_enable
                0x0000020c       0x90 src/ASF/sam0/drivers/system/clock/clock_samd20/clock.o
                0x0000020c                system_clock_source_enable
 .text.system_clock_init
                0x0000029c       0x98 src/ASF/sam0/drivers/system/clock/clock_samd20/clock.o
                0x0000029c                system_clock_init
 .text.system_gclk_init
                0x00000334       0x24 src/ASF/sam0/drivers/system/clock/clock_samd20/gclk.o
                0x00000334                system_gclk_init
 .text.system_gclk_gen_set_config
                0x00000358       0xb8 src/ASF/sam0/drivers/system/clock/clock_samd20/gclk.o
                0x00000358                system_gclk_gen_set_config
 .text.system_gclk_gen_enable
                0x00000410       0x44 src/ASF/sam0/drivers/system/clock/clock_samd20/gclk.o
                0x00000410                system_gclk_gen_enable
 .text.system_gclk_chan_enable
                0x00000454       0x30 src/ASF/sam0/drivers/system/clock/clock_samd20/gclk.o
                0x00000454                system_gclk_chan_enable
 .text.system_gclk_chan_disable
                0x00000484       0x5c src/ASF/sam0/drivers/system/clock/clock_samd20/gclk.o
                0x00000484                system_gclk_chan_disable
 .text.system_gclk_chan_set_config
                0x000004e0       0x1c src/ASF/sam0/drivers/system/clock/clock_samd20/gclk.o
                0x000004e0                system_gclk_chan_set_config
 .text._system_pinmux_config
                0x000004fc       0xa8 src/ASF/sam0/drivers/system/pinmux/pinmux.o
 .text.system_pinmux_pin_set_config
                0x000005a4       0x30 src/ASF/sam0/drivers/system/pinmux/pinmux.o
                0x000005a4                system_pinmux_pin_set_config
 .text._system_dummy_init
                0x000005d4        0x2 src/ASF/sam0/drivers/system/system.o
                0x000005d4                _system_extint_init
                0x000005d4                _system_events_init
                0x000005d4                _system_dummy_init
                0x000005d4                _system_divas_init
 *fill*         0x000005d6        0x2 
 .text.system_init
                0x000005d8       0x2c src/ASF/sam0/drivers/system/system.o
                0x000005d8                system_init
 .text.Dummy_Handler
                0x00000604        0x2 src/ASF/sam0/utils/cmsis/samd20/source/gcc/startup_samd20.o
                0x00000604                HardFault_Handler
                0x00000604                TC2_Handler
                0x00000604                AC_Handler
                0x00000604                SysTick_Handler
                0x00000604                PendSV_Handler
                0x00000604                NMI_Handler
                0x00000604                TC7_Handler
                0x00000604                SERCOM1_Handler
                0x00000604                ADC_Handler
                0x00000604                RTC_Handler
                0x00000604                EIC_Handler
                0x00000604                TC6_Handler
                0x00000604                WDT_Handler
                0x00000604                TC4_Handler
                0x00000604                TC1_Handler
                0x00000604                TC3_Handler
                0x00000604                Dummy_Handler
                0x00000604                PM_Handler
                0x00000604                SERCOM5_Handler
                0x00000604                SVC_Handler
                0x00000604                EVSYS_Handler
                0x00000604                SERCOM3_Handler
                0x00000604                SERCOM4_Handler
                0x00000604                NVMCTRL_Handler
                0x00000604                SERCOM0_Handler
                0x00000604                DAC_Handler
                0x00000604                PTC_Handler
                0x00000604                TC0_Handler
                0x00000604                TC5_Handler
                0x00000604                SYSCTRL_Handler
 *fill*         0x00000606        0x2 
 .text.Reset_Handler
                0x00000608       0x98 src/ASF/sam0/utils/cmsis/samd20/source/gcc/startup_samd20.o
                0x00000608                Reset_Handler
 .text.SERCOM2_Handler
                0x000006a0       0xe4 src/main.o
                0x000006a0                SERCOM2_Handler
 .text.i2c_clock_init
                0x00000784       0x30 src/main.o
                0x00000784                i2c_clock_init
 .text.i2c_pin_init
                0x000007b4       0x40 src/main.o
                0x000007b4                i2c_pin_init
 .text.i2c_slave_init
                0x000007f4       0x40 src/main.o
                0x000007f4                i2c_slave_init
 .text.main     0x00000834       0x40 src/main.o
                0x00000834                main
 .text.__libc_init_array
                0x00000874       0x48 c:/program files (x86)/atmel/studio/7.0/toolchain/arm/arm-gnu-toolchain/bin/../lib/gcc/arm-none-eabi/6.3.1/../../../../arm-none-eabi/lib/thumb/v6-m\libc_nano.a(lib_a-init.o)
                0x00000874                __libc_init_array
 *(.glue_7t)
 .glue_7t       0x000008bc        0x0 linker stubs
 *(.glue_7)
 .glue_7        0x000008bc        0x0 linker stubs
 *(.rodata .rodata* .gnu.linkonce.r.*)
 .rodata.system_clock_source_enable
                0x000008bc       0x20 src/ASF/sam0/drivers/system/clock/clock_samd20/clock.o
 *(.ARM.extab* .gnu.linkonce.armextab.*)
                0x000008dc                . = ALIGN (0x4)
 *(.init)
 .init          0x000008dc        0x4 c:/program files (x86)/atmel/studio/7.0/toolchain/arm/arm-gnu-toolchain/bin/../lib/gcc/arm-none-eabi/6.3.1/thumb/v6-m/crti.o
                0x000008dc                _init
 .init          0x000008e0        0x8 c:/program files (x86)/atmel/studio/7.0/toolchain/arm/arm-gnu-toolchain/bin/../lib/gcc/arm-none-eabi/6.3.1/thumb/v6-m/crtn.o
                0x000008e8                . = ALIGN (0x4)
                0x000008e8                __preinit_array_start = .
 *(.preinit_array)
                0x000008e8                __preinit_array_end = .
                0x000008e8                . = ALIGN (0x4)
                0x000008e8                __init_array_start = .
 *(SORT(.init_array.*))
 *(.init_array)
 .init_array    0x000008e8        0x4 c:/program files (x86)/atmel/studio/7.0/toolchain/arm/arm-gnu-toolchain/bin/../lib/gcc/arm-none-eabi/6.3.1/thumb/v6-m/crtbegin.o
                0x000008ec                __init_array_end = .
                0x000008ec                . = ALIGN (0x4)
 *crtbegin.o(.ctors)
 *(EXCLUDE_FILE(*crtend.o) .ctors)
 *(SORT(.ctors.*))
 *crtend.o(.ctors)
                0x000008ec                . = ALIGN (0x4)
 *(.fini)
 .fini          0x000008ec        0x4 c:/program files (x86)/atmel/studio/7.0/toolchain/arm/arm-gnu-toolchain/bin/../lib/gcc/arm-none-eabi/6.3.1/thumb/v6-m/crti.o
                0x000008ec                _fini
 .fini          0x000008f0        0x8 c:/program files (x86)/atmel/studio/7.0/toolchain/arm/arm-gnu-toolchain/bin/../lib/gcc/arm-none-eabi/6.3.1/thumb/v6-m/crtn.o
                0x000008f8                . = ALIGN (0x4)
                0x000008f8                __fini_array_start = .
 *(.fini_array)
 .fini_array    0x000008f8        0x4 c:/program files (x86)/atmel/studio/7.0/toolchain/arm/arm-gnu-toolchain/bin/../lib/gcc/arm-none-eabi/6.3.1/thumb/v6-m/crtbegin.o
 *(SORT(.fini_array.*))
                0x000008fc                __fini_array_end = .
 *crtbegin.o(.dtors)
 *(EXCLUDE_FILE(*crtend.o) .dtors)
 *(SORT(.dtors.*))
 *crtend.o(.dtors)
                0x000008fc                . = ALIGN (0x4)
                0x000008fc                _efixed = .
                [!provide]                PROVIDE (__exidx_start, .)

.vfp11_veneer   0x000008fc        0x0
 .vfp11_veneer  0x000008fc        0x0 linker stubs

.v4_bx          0x000008fc        0x0
 .v4_bx         0x000008fc        0x0 linker stubs

.iplt           0x000008fc        0x0
 .iplt          0x000008fc        0x0 c:/program files (x86)/atmel/studio/7.0/toolchain/arm/arm-gnu-toolchain/bin/../lib/gcc/arm-none-eabi/6.3.1/thumb/v6-m/crtbegin.o

.eh_frame       0x000008fc        0x0
 .eh_frame      0x000008fc        0x0 c:/program files (x86)/atmel/studio/7.0/toolchain/arm/arm-gnu-toolchain/bin/../lib/gcc/arm-none-eabi/6.3.1/thumb/v6-m/crtbegin.o

.rel.dyn        0x000008fc        0x0
 .rel.iplt      0x000008fc        0x0 c:/program files (x86)/atmel/studio/7.0/toolchain/arm/arm-gnu-toolchain/bin/../lib/gcc/arm-none-eabi/6.3.1/thumb/v6-m/crtbegin.o

.jcr            0x000008fc        0x0
 .jcr           0x000008fc        0x0 c:/program files (x86)/atmel/studio/7.0/toolchain/arm/arm-gnu-toolchain/bin/../lib/gcc/arm-none-eabi/6.3.1/thumb/v6-m/crtbegin.o

.igot.plt       0x000008fc        0x0
 .igot.plt      0x000008fc        0x0 c:/program files (x86)/atmel/studio/7.0/toolchain/arm/arm-gnu-toolchain/bin/../lib/gcc/arm-none-eabi/6.3.1/thumb/v6-m/crtbegin.o

.ARM.exidx
 *(.ARM.exidx* .gnu.linkonce.armexidx.*)
                [!provide]                PROVIDE (__exidx_end, .)
                0x000008fc                . = ALIGN (0x4)
                0x000008fc                _etext = .

.relocate       0x20000000        0x4 load address 0x000008fc
                0x20000000                . = ALIGN (0x4)
                0x20000000                _srelocate = .
 *(.ramfunc .ramfunc.*)
 *(.data .data.*)
 .data.g_interrupt_enabled
                0x20000000        0x1 src/ASF/common/utils/interrupt/interrupt_sam_nvic.o
                0x20000000                g_interrupt_enabled
                0x20000004                . = ALIGN (0x4)
 *fill*         0x20000001        0x3 
                0x20000004                _erelocate = .

.bss            0x20000004       0x40 load address 0x00000900
                0x20000004                . = ALIGN (0x4)
                0x20000004                _sbss = .
                0x20000004                _szero = .
 *(.bss .bss.*)
 .bss           0x20000004       0x1c c:/program files (x86)/atmel/studio/7.0/toolchain/arm/arm-gnu-toolchain/bin/../lib/gcc/arm-none-eabi/6.3.1/thumb/v6-m/crtbegin.o
 .bss.cpu_irq_critical_section_counter
                0x20000020        0x4 src/ASF/common/utils/interrupt/interrupt_sam_nvic.o
 .bss.cpu_irq_prev_interrupt_state
                0x20000024        0x1 src/ASF/common/utils/interrupt/interrupt_sam_nvic.o
 *fill*         0x20000025        0x3 
 .bss._system_clock_inst
                0x20000028       0x14 src/ASF/sam0/drivers/system/clock/clock_samd20/clock.o
 .bss.i         0x2000003c        0x1 src/main.o
                0x2000003c                i
 *(COMMON)
 *fill*         0x2000003d        0x3 
 COMMON         0x20000040        0x3 src/main.o
                0x20000040                rx_buf
                0x20000044                . = ALIGN (0x4)
 *fill*         0x20000043        0x1 
                0x20000044                _ebss = .
                0x20000044                _ezero = .

.stack          0x20000044     0x2004 load address 0x00000940
                0x20000048                . = ALIGN (0x8)
 *fill*         0x20000044        0x4 
                0x20000048                _sstack = .
                0x20002048                . = (. + STACK_SIZE)
 *fill*         0x20000048     0x2000 
                0x20002048                . = ALIGN (0x8)
                0x20002048                _estack = .
                0x20002048                . = ALIGN (0x4)
                0x20002048                _end = .
OUTPUT(SAMD20_I2C_SL.elf elf32-littlearm)

.ARM.attributes
                0x00000000       0x28
 .ARM.attributes
                0x00000000       0x1e c:/program files (x86)/atmel/studio/7.0/toolchain/arm/arm-gnu-toolchain/bin/../lib/gcc/arm-none-eabi/6.3.1/thumb/v6-m/crti.o
 .ARM.attributes
                0x0000001e       0x2c c:/program files (x86)/atmel/studio/7.0/toolchain/arm/arm-gnu-toolchain/bin/../lib/gcc/arm-none-eabi/6.3.1/thumb/v6-m/crtbegin.o
 .ARM.attributes
                0x0000004a       0x32 src/ASF/common/utils/interrupt/interrupt_sam_nvic.o
 .ARM.attributes
                0x0000007c       0x32 src/ASF/sam0/boards/samd20_xplained_pro/board_init.o
 .ARM.attributes
                0x000000ae       0x32 src/ASF/sam0/drivers/port/port.o
 .ARM.attributes
                0x000000e0       0x32 src/ASF/sam0/drivers/system/clock/clock_samd20/clock.o
 .ARM.attributes
                0x00000112       0x32 src/ASF/sam0/drivers/system/clock/clock_samd20/gclk.o
 .ARM.attributes
                0x00000144       0x32 src/ASF/sam0/drivers/system/pinmux/pinmux.o
 .ARM.attributes
                0x00000176       0x32 src/ASF/sam0/drivers/system/system.o
 .ARM.attributes
                0x000001a8       0x32 src/ASF/sam0/utils/cmsis/samd20/source/gcc/startup_samd20.o
 .ARM.attributes
                0x000001da       0x32 src/main.o
 .ARM.attributes
                0x0000020c       0x2c c:/program files (x86)/atmel/studio/7.0/toolchain/arm/arm-gnu-toolchain/bin/../lib/gcc/arm-none-eabi/6.3.1/../../../../arm-none-eabi/lib/thumb/v6-m\libc_nano.a(lib_a-init.o)
 .ARM.attributes
                0x00000238       0x1e c:/program files (x86)/atmel/studio/7.0/toolchain/arm/arm-gnu-toolchain/bin/../lib/gcc/arm-none-eabi/6.3.1/thumb/v6-m/crtn.o

.comment        0x00000000       0x59
 .comment       0x00000000       0x59 src/ASF/common/utils/interrupt/interrupt_sam_nvic.o
                                 0x5a (size before relaxing)
 .comment       0x00000059       0x5a src/ASF/sam0/boards/samd20_xplained_pro/board_init.o
 .comment       0x00000059       0x5a src/ASF/sam0/drivers/port/port.o
 .comment       0x00000059       0x5a src/ASF/sam0/drivers/system/clock/clock_samd20/clock.o
 .comment       0x00000059       0x5a src/ASF/sam0/drivers/system/clock/clock_samd20/gclk.o
 .comment       0x00000059       0x5a src/ASF/sam0/drivers/system/pinmux/pinmux.o
 .comment       0x00000059       0x5a src/ASF/sam0/drivers/system/system.o
 .comment       0x00000059       0x5a src/ASF/sam0/utils/cmsis/samd20/source/gcc/startup_samd20.o
 .comment       0x00000059       0x5a src/main.o

.debug_info     0x00000000     0xe9bf
 .debug_info    0x00000000      0xb07 src/ASF/common/utils/interrupt/interrupt_sam_nvic.o
 .debug_info    0x00000b07     0x12ac src/ASF/sam0/boards/samd20_xplained_pro/board_init.o
 .debug_info    0x00001db3     0x12b6 src/ASF/sam0/drivers/port/port.o
 .debug_info    0x00003069     0x3d15 src/ASF/sam0/drivers/system/clock/clock_samd20/clock.o
 .debug_info    0x00006d7e     0x1de7 src/ASF/sam0/drivers/system/clock/clock_samd20/gclk.o
 .debug_info    0x00008b65     0x1374 src/ASF/sam0/drivers/system/pinmux/pinmux.o
 .debug_info    0x00009ed9      0xa73 src/ASF/sam0/drivers/system/system.o
 .debug_info    0x0000a94c      0x9c9 src/ASF/sam0/utils/cmsis/samd20/source/gcc/startup_samd20.o
 .debug_info    0x0000b315     0x36aa src/main.o

.debug_abbrev   0x00000000     0x1b72
 .debug_abbrev  0x00000000      0x22c src/ASF/common/utils/interrupt/interrupt_sam_nvic.o
 .debug_abbrev  0x0000022c      0x2dc src/ASF/sam0/boards/samd20_xplained_pro/board_init.o
 .debug_abbrev  0x00000508      0x298 src/ASF/sam0/drivers/port/port.o
 .debug_abbrev  0x000007a0      0x4a1 src/ASF/sam0/drivers/system/clock/clock_samd20/clock.o
 .debug_abbrev  0x00000c41      0x40d src/ASF/sam0/drivers/system/clock/clock_samd20/gclk.o
 .debug_abbrev  0x0000104e      0x332 src/ASF/sam0/drivers/system/pinmux/pinmux.o
 .debug_abbrev  0x00001380      0x1e1 src/ASF/sam0/drivers/system/system.o
 .debug_abbrev  0x00001561      0x1e4 src/ASF/sam0/utils/cmsis/samd20/source/gcc/startup_samd20.o
 .debug_abbrev  0x00001745      0x42d src/main.o

.debug_aranges  0x00000000      0x228
 .debug_aranges
                0x00000000       0x28 src/ASF/common/utils/interrupt/interrupt_sam_nvic.o
 .debug_aranges
                0x00000028       0x20 src/ASF/sam0/boards/samd20_xplained_pro/board_init.o
 .debug_aranges
                0x00000048       0x28 src/ASF/sam0/drivers/port/port.o
 .debug_aranges
                0x00000070       0x70 src/ASF/sam0/drivers/system/clock/clock_samd20/clock.o
 .debug_aranges
                0x000000e0       0x80 src/ASF/sam0/drivers/system/clock/clock_samd20/gclk.o
 .debug_aranges
                0x00000160       0x38 src/ASF/sam0/drivers/system/pinmux/pinmux.o
 .debug_aranges
                0x00000198       0x28 src/ASF/sam0/drivers/system/system.o
 .debug_aranges
                0x000001c0       0x28 src/ASF/sam0/utils/cmsis/samd20/source/gcc/startup_samd20.o
 .debug_aranges
                0x000001e8       0x40 src/main.o

.debug_ranges   0x00000000      0x1c8
 .debug_ranges  0x00000000       0x18 src/ASF/common/utils/interrupt/interrupt_sam_nvic.o
 .debug_ranges  0x00000018       0x10 src/ASF/sam0/boards/samd20_xplained_pro/board_init.o
 .debug_ranges  0x00000028       0x18 src/ASF/sam0/drivers/port/port.o
 .debug_ranges  0x00000040       0x60 src/ASF/sam0/drivers/system/clock/clock_samd20/clock.o
 .debug_ranges  0x000000a0       0x88 src/ASF/sam0/drivers/system/clock/clock_samd20/gclk.o
 .debug_ranges  0x00000128       0x28 src/ASF/sam0/drivers/system/pinmux/pinmux.o
 .debug_ranges  0x00000150       0x18 src/ASF/sam0/drivers/system/system.o
 .debug_ranges  0x00000168       0x18 src/ASF/sam0/utils/cmsis/samd20/source/gcc/startup_samd20.o
 .debug_ranges  0x00000180       0x48 src/main.o

.debug_macro    0x00000000    0x110a0
 .debug_macro   0x00000000      0x4a4 src/ASF/common/utils/interrupt/interrupt_sam_nvic.o
 .debug_macro   0x000004a4      0x8b0 src/ASF/common/utils/interrupt/interrupt_sam_nvic.o
 .debug_macro   0x00000d54      0x16d src/ASF/common/utils/interrupt/interrupt_sam_nvic.o
 .debug_macro   0x00000ec1      0x6d7 src/ASF/common/utils/interrupt/interrupt_sam_nvic.o
 .debug_macro   0x00001598       0x22 src/ASF/common/utils/interrupt/interrupt_sam_nvic.o
 .debug_macro   0x000015ba       0x87 src/ASF/common/utils/interrupt/interrupt_sam_nvic.o
 .debug_macro   0x00001641       0x51 src/ASF/common/utils/interrupt/interrupt_sam_nvic.o
 .debug_macro   0x00001692       0xef src/ASF/common/utils/interrupt/interrupt_sam_nvic.o
 .debug_macro   0x00001781       0x6a src/ASF/common/utils/interrupt/interrupt_sam_nvic.o
 .debug_macro   0x000017eb      0x1df src/ASF/common/utils/interrupt/interrupt_sam_nvic.o
 .debug_macro   0x000019ca       0x10 src/ASF/common/utils/interrupt/interrupt_sam_nvic.o
 .debug_macro   0x000019da       0x76 src/ASF/common/utils/interrupt/interrupt_sam_nvic.o
 .debug_macro   0x00001a50       0x16 src/ASF/common/utils/interrupt/interrupt_sam_nvic.o
 .debug_macro   0x00001a66      0x6db src/ASF/common/utils/interrupt/interrupt_sam_nvic.o
 .debug_macro   0x00002141      0xdd8 src/ASF/common/utils/interrupt/interrupt_sam_nvic.o
 .debug_macro   0x00002f19       0x22 src/ASF/common/utils/interrupt/interrupt_sam_nvic.o
 .debug_macro   0x00002f3b       0x40 src/ASF/common/utils/interrupt/interrupt_sam_nvic.o
 .debug_macro   0x00002f7b       0x3a src/ASF/common/utils/interrupt/interrupt_sam_nvic.o
 .debug_macro   0x00002fb5       0x1f src/ASF/common/utils/interrupt/interrupt_sam_nvic.o
 .debug_macro   0x00002fd4      0x250 src/ASF/common/utils/interrupt/interrupt_sam_nvic.o
 .debug_macro   0x00003224      0x682 src/ASF/common/utils/interrupt/interrupt_sam_nvic.o
 .debug_macro   0x000038a6      0x8b8 src/ASF/common/utils/interrupt/interrupt_sam_nvic.o
 .debug_macro   0x0000415e      0x224 src/ASF/common/utils/interrupt/interrupt_sam_nvic.o
 .debug_macro   0x00004382      0x61a src/ASF/common/utils/interrupt/interrupt_sam_nvic.o
 .debug_macro   0x0000499c      0x9f8 src/ASF/common/utils/interrupt/interrupt_sam_nvic.o
 .debug_macro   0x00005394      0x5ca src/ASF/common/utils/interrupt/interrupt_sam_nvic.o
 .debug_macro   0x0000595e      0x4ac src/ASF/common/utils/interrupt/interrupt_sam_nvic.o
 .debug_macro   0x00005e0a      0x743 src/ASF/common/utils/interrupt/interrupt_sam_nvic.o
 .debug_macro   0x0000654d       0x5e src/ASF/common/utils/interrupt/interrupt_sam_nvic.o
 .debug_macro   0x000065ab      0x5e0 src/ASF/common/utils/interrupt/interrupt_sam_nvic.o
 .debug_macro   0x00006b8b      0x3b6 src/ASF/common/utils/interrupt/interrupt_sam_nvic.o
 .debug_macro   0x00006f41      0xc7d src/ASF/common/utils/interrupt/interrupt_sam_nvic.o
 .debug_macro   0x00007bbe      0xd29 src/ASF/common/utils/interrupt/interrupt_sam_nvic.o
 .debug_macro   0x000088e7      0x7b3 src/ASF/common/utils/interrupt/interrupt_sam_nvic.o
 .debug_macro   0x0000909a      0x6ba src/ASF/common/utils/interrupt/interrupt_sam_nvic.o
 .debug_macro   0x00009754      0x347 src/ASF/common/utils/interrupt/interrupt_sam_nvic.o
 .debug_macro   0x00009a9b       0x7c src/ASF/common/utils/interrupt/interrupt_sam_nvic.o
 .debug_macro   0x00009b17       0x9a src/ASF/common/utils/interrupt/interrupt_sam_nvic.o
 .debug_macro   0x00009bb1       0x46 src/ASF/common/utils/interrupt/interrupt_sam_nvic.o
 .debug_macro   0x00009bf7       0xb2 src/ASF/common/utils/interrupt/interrupt_sam_nvic.o
 .debug_macro   0x00009ca9       0x6a src/ASF/common/utils/interrupt/interrupt_sam_nvic.o
 .debug_macro   0x00009d13      0x27d src/ASF/common/utils/interrupt/interrupt_sam_nvic.o
 .debug_macro   0x00009f90       0x7c src/ASF/common/utils/interrupt/interrupt_sam_nvic.o
 .debug_macro   0x0000a00c       0xc4 src/ASF/common/utils/interrupt/interrupt_sam_nvic.o
 .debug_macro   0x0000a0d0       0x1c src/ASF/common/utils/interrupt/interrupt_sam_nvic.o
 .debug_macro   0x0000a0ec       0x1c src/ASF/common/utils/interrupt/interrupt_sam_nvic.o
 .debug_macro   0x0000a108       0x1c src/ASF/common/utils/interrupt/interrupt_sam_nvic.o
 .debug_macro   0x0000a124       0x82 src/ASF/common/utils/interrupt/interrupt_sam_nvic.o
 .debug_macro   0x0000a1a6      0x15a src/ASF/common/utils/interrupt/interrupt_sam_nvic.o
 .debug_macro   0x0000a300       0xdc src/ASF/common/utils/interrupt/interrupt_sam_nvic.o
 .debug_macro   0x0000a3dc      0x100 src/ASF/common/utils/interrupt/interrupt_sam_nvic.o
 .debug_macro   0x0000a4dc      0x100 src/ASF/common/utils/interrupt/interrupt_sam_nvic.o
 .debug_macro   0x0000a5dc      0x100 src/ASF/common/utils/interrupt/interrupt_sam_nvic.o
 .debug_macro   0x0000a6dc      0x100 src/ASF/common/utils/interrupt/interrupt_sam_nvic.o
 .debug_macro   0x0000a7dc      0x100 src/ASF/common/utils/interrupt/interrupt_sam_nvic.o
 .debug_macro   0x0000a8dc      0x100 src/ASF/common/utils/interrupt/interrupt_sam_nvic.o
 .debug_macro   0x0000a9dc       0xfa src/ASF/common/utils/interrupt/interrupt_sam_nvic.o
 .debug_macro   0x0000aad6       0xbe src/ASF/common/utils/interrupt/interrupt_sam_nvic.o
 .debug_macro   0x0000ab94       0xbe src/ASF/common/utils/interrupt/interrupt_sam_nvic.o
 .debug_macro   0x0000ac52       0xbe src/ASF/common/utils/interrupt/interrupt_sam_nvic.o
 .debug_macro   0x0000ad10       0xbe src/ASF/common/utils/interrupt/interrupt_sam_nvic.o
 .debug_macro   0x0000adce       0xbe src/ASF/common/utils/interrupt/interrupt_sam_nvic.o
 .debug_macro   0x0000ae8c       0xbe src/ASF/common/utils/interrupt/interrupt_sam_nvic.o
 .debug_macro   0x0000af4a       0xbe src/ASF/common/utils/interrupt/interrupt_sam_nvic.o
 .debug_macro   0x0000b008       0xbe src/ASF/common/utils/interrupt/interrupt_sam_nvic.o
 .debug_macro   0x0000b0c6       0x40 src/ASF/common/utils/interrupt/interrupt_sam_nvic.o
 .debug_macro   0x0000b106      0x2e3 src/ASF/common/utils/interrupt/interrupt_sam_nvic.o
 .debug_macro   0x0000b3e9     0x19ba src/ASF/common/utils/interrupt/interrupt_sam_nvic.o
 .debug_macro   0x0000cda3       0x4a src/ASF/common/utils/interrupt/interrupt_sam_nvic.o
 .debug_macro   0x0000cded       0x58 src/ASF/common/utils/interrupt/interrupt_sam_nvic.o
 .debug_macro   0x0000ce45       0x35 src/ASF/common/utils/interrupt/interrupt_sam_nvic.o
 .debug_macro   0x0000ce7a       0x9c src/ASF/common/utils/interrupt/interrupt_sam_nvic.o
 .debug_macro   0x0000cf16       0x16 src/ASF/common/utils/interrupt/interrupt_sam_nvic.o
 .debug_macro   0x0000cf2c       0x35 src/ASF/common/utils/interrupt/interrupt_sam_nvic.o
 .debug_macro   0x0000cf61      0x353 src/ASF/common/utils/interrupt/interrupt_sam_nvic.o
 .debug_macro   0x0000d2b4       0x10 src/ASF/common/utils/interrupt/interrupt_sam_nvic.o
 .debug_macro   0x0000d2c4       0x58 src/ASF/common/utils/interrupt/interrupt_sam_nvic.o
 .debug_macro   0x0000d31c       0x1f src/ASF/common/utils/interrupt/interrupt_sam_nvic.o
 .debug_macro   0x0000d33b       0x43 src/ASF/common/utils/interrupt/interrupt_sam_nvic.o
 .debug_macro   0x0000d37e       0x20 src/ASF/common/utils/interrupt/interrupt_sam_nvic.o
 .debug_macro   0x0000d39e      0x187 src/ASF/common/utils/interrupt/interrupt_sam_nvic.o
 .debug_macro   0x0000d525       0x10 src/ASF/common/utils/interrupt/interrupt_sam_nvic.o
 .debug_macro   0x0000d535       0x1c src/ASF/common/utils/interrupt/interrupt_sam_nvic.o
 .debug_macro   0x0000d551       0x52 src/ASF/common/utils/interrupt/interrupt_sam_nvic.o
 .debug_macro   0x0000d5a3       0x40 src/ASF/common/utils/interrupt/interrupt_sam_nvic.o
 .debug_macro   0x0000d5e3       0x10 src/ASF/common/utils/interrupt/interrupt_sam_nvic.o
 .debug_macro   0x0000d5f3       0x40 src/ASF/common/utils/interrupt/interrupt_sam_nvic.o
 .debug_macro   0x0000d633       0xd7 src/ASF/common/utils/interrupt/interrupt_sam_nvic.o
 .debug_macro   0x0000d70a       0x16 src/ASF/common/utils/interrupt/interrupt_sam_nvic.o
 .debug_macro   0x0000d720      0x18b src/ASF/common/utils/interrupt/interrupt_sam_nvic.o
 .debug_macro   0x0000d8ab       0x16 src/ASF/common/utils/interrupt/interrupt_sam_nvic.o
 .debug_macro   0x0000d8c1       0x16 src/ASF/common/utils/interrupt/interrupt_sam_nvic.o
 .debug_macro   0x0000d8d7       0x29 src/ASF/common/utils/interrupt/interrupt_sam_nvic.o
 .debug_macro   0x0000d900       0x51 src/ASF/common/utils/interrupt/interrupt_sam_nvic.o
 .debug_macro   0x0000d951      0x3df src/ASF/common/utils/interrupt/interrupt_sam_nvic.o
 .debug_macro   0x0000dd30       0x3e src/ASF/common/utils/interrupt/interrupt_sam_nvic.o
 .debug_macro   0x0000dd6e      0x4e0 src/ASF/sam0/boards/samd20_xplained_pro/board_init.o
 .debug_macro   0x0000e24e      0x2c3 src/ASF/sam0/boards/samd20_xplained_pro/board_init.o
 .debug_macro   0x0000e511      0x804 src/ASF/sam0/boards/samd20_xplained_pro/board_init.o
 .debug_macro   0x0000ed15       0x11 src/ASF/sam0/boards/samd20_xplained_pro/board_init.o
 .debug_macro   0x0000ed26       0x12 src/ASF/sam0/boards/samd20_xplained_pro/board_init.o
 .debug_macro   0x0000ed38      0x4be src/ASF/sam0/drivers/port/port.o
 .debug_macro   0x0000f1f6      0x5b9 src/ASF/sam0/drivers/system/clock/clock_samd20/clock.o
 .debug_macro   0x0000f7af      0x213 src/ASF/sam0/drivers/system/clock/clock_samd20/clock.o
 .debug_macro   0x0000f9c2       0x16 src/ASF/sam0/drivers/system/clock/clock_samd20/clock.o
 .debug_macro   0x0000f9d8      0x4db src/ASF/sam0/drivers/system/clock/clock_samd20/gclk.o
 .debug_macro   0x0000feb3       0x2e src/ASF/sam0/drivers/system/clock/clock_samd20/gclk.o
 .debug_macro   0x0000fee1      0x4b6 src/ASF/sam0/drivers/system/pinmux/pinmux.o
 .debug_macro   0x00010397      0x4e8 src/ASF/sam0/drivers/system/system.o
 .debug_macro   0x0001087f      0x28b src/ASF/sam0/utils/cmsis/samd20/source/gcc/startup_samd20.o
 .debug_macro   0x00010b0a       0x3a src/ASF/sam0/utils/cmsis/samd20/source/gcc/startup_samd20.o
 .debug_macro   0x00010b44      0x55c src/main.o

.debug_line     0x00000000     0x552a
 .debug_line    0x00000000      0x863 src/ASF/common/utils/interrupt/interrupt_sam_nvic.o
 .debug_line    0x00000863      0x90b src/ASF/sam0/boards/samd20_xplained_pro/board_init.o
 .debug_line    0x0000116e      0x890 src/ASF/sam0/drivers/port/port.o
 .debug_line    0x000019fe      0xba5 src/ASF/sam0/drivers/system/clock/clock_samd20/clock.o
 .debug_line    0x000025a3      0xc01 src/ASF/sam0/drivers/system/clock/clock_samd20/gclk.o
 .debug_line    0x000031a4      0x8c0 src/ASF/sam0/drivers/system/pinmux/pinmux.o
 .debug_line    0x00003a64      0x97c src/ASF/sam0/drivers/system/system.o
 .debug_line    0x000043e0      0x5dc src/ASF/sam0/utils/cmsis/samd20/source/gcc/startup_samd20.o
 .debug_line    0x000049bc      0xb6e src/main.o

.debug_str      0x00000000    0x5fdef
 .debug_str     0x00000000    0x58612 src/ASF/common/utils/interrupt/interrupt_sam_nvic.o
                              0x58adc (size before relaxing)
 .debug_str     0x00058612     0x31e3 src/ASF/sam0/boards/samd20_xplained_pro/board_init.o
                              0x5bc62 (size before relaxing)
 .debug_str     0x0005b7f5      0x18d src/ASF/sam0/drivers/port/port.o
                              0x58ee2 (size before relaxing)
 .debug_str     0x0005b982     0x30a7 src/ASF/sam0/drivers/system/clock/clock_samd20/clock.o
                              0x5bd18 (size before relaxing)
 .debug_str     0x0005ea29      0x3ff src/ASF/sam0/drivers/system/clock/clock_samd20/gclk.o
                              0x5970f (size before relaxing)
 .debug_str     0x0005ee28       0xf4 src/ASF/sam0/drivers/system/pinmux/pinmux.o
                              0x58ed3 (size before relaxing)
 .debug_str     0x0005ef1c       0x47 src/ASF/sam0/drivers/system/system.o
                              0x58b78 (size before relaxing)
 .debug_str     0x0005ef63      0x391 src/ASF/sam0/utils/cmsis/samd20/source/gcc/startup_samd20.o
                              0x43325 (size before relaxing)
 .debug_str     0x0005f2f4      0xafb src/main.o
                              0x5cff9 (size before relaxing)

.debug_frame    0x00000000      0x4a0
 .debug_frame   0x00000000       0x30 src/ASF/common/utils/interrupt/interrupt_sam_nvic.o
 .debug_frame   0x00000030       0x30 src/ASF/sam0/boards/samd20_xplained_pro/board_init.o
 .debug_frame   0x00000060       0x44 src/ASF/sam0/drivers/port/port.o
 .debug_frame   0x000000a4      0x12c src/ASF/sam0/drivers/system/clock/clock_samd20/clock.o
 .debug_frame   0x000001d0      0x148 src/ASF/sam0/drivers/system/clock/clock_samd20/gclk.o
 .debug_frame   0x00000318       0x74 src/ASF/sam0/drivers/system/pinmux/pinmux.o
 .debug_frame   0x0000038c       0x38 src/ASF/sam0/drivers/system/system.o
 .debug_frame   0x000003c4       0x38 src/ASF/sam0/utils/cmsis/samd20/source/gcc/startup_samd20.o
 .debug_frame   0x000003fc       0x78 src/main.o
 .debug_frame   0x00000474       0x2c c:/program files (x86)/atmel/studio/7.0/toolchain/arm/arm-gnu-toolchain/bin/../lib/gcc/arm-none-eabi/6.3.1/../../../../arm-none-eabi/lib/thumb/v6-m\libc_nano.a(lib_a-init.o)

.debug_loc      0x00000000     0x19c9
 .debug_loc     0x00000000       0x8a src/ASF/sam0/boards/samd20_xplained_pro/board_init.o
 .debug_loc     0x0000008a      0x13d src/ASF/sam0/drivers/port/port.o
 .debug_loc     0x000001c7      0xe1c src/ASF/sam0/drivers/system/clock/clock_samd20/clock.o
 .debug_loc     0x00000fe3      0x504 src/ASF/sam0/drivers/system/clock/clock_samd20/gclk.o
 .debug_loc     0x000014e7      0x322 src/ASF/sam0/drivers/system/pinmux/pinmux.o
 .debug_loc     0x00001809       0x20 src/ASF/sam0/drivers/system/system.o
 .debug_loc     0x00001829       0x40 src/ASF/sam0/utils/cmsis/samd20/source/gcc/startup_samd20.o
 .debug_loc     0x00001869      0x160 src/main.o

Cross Reference Table

Symbol                                            File
AC_Handler                                        src/ASF/sam0/utils/cmsis/samd20/source/gcc/startup_samd20.o
ADC_Handler                                       src/ASF/sam0/utils/cmsis/samd20/source/gcc/startup_samd20.o
DAC_Handler                                       src/ASF/sam0/utils/cmsis/samd20/source/gcc/startup_samd20.o
Dummy_Handler                                     src/ASF/sam0/utils/cmsis/samd20/source/gcc/startup_samd20.o
EIC_Handler                                       src/ASF/sam0/utils/cmsis/samd20/source/gcc/startup_samd20.o
EVSYS_Handler                                     src/ASF/sam0/utils/cmsis/samd20/source/gcc/startup_samd20.o
HardFault_Handler                                 src/ASF/sam0/utils/cmsis/samd20/source/gcc/startup_samd20.o
NMI_Handler                                       src/ASF/sam0/utils/cmsis/samd20/source/gcc/startup_samd20.o
NVMCTRL_Handler                                   src/ASF/sam0/utils/cmsis/samd20/source/gcc/startup_samd20.o
PM_Handler                                        src/ASF/sam0/utils/cmsis/samd20/source/gcc/startup_samd20.o
PTC_Handler                                       src/ASF/sam0/utils/cmsis/samd20/source/gcc/startup_samd20.o
PendSV_Handler                                    src/ASF/sam0/utils/cmsis/samd20/source/gcc/startup_samd20.o
RTC_Handler                                       src/ASF/sam0/utils/cmsis/samd20/source/gcc/startup_samd20.o
Reset_Handler                                     src/ASF/sam0/utils/cmsis/samd20/source/gcc/startup_samd20.o
SERCOM0_Handler                                   src/ASF/sam0/utils/cmsis/samd20/source/gcc/startup_samd20.o
SERCOM1_Handler                                   src/ASF/sam0/utils/cmsis/samd20/source/gcc/startup_samd20.o
SERCOM2_Handler                                   src/main.o
                                                  src/ASF/sam0/utils/cmsis/samd20/source/gcc/startup_samd20.o
SERCOM3_Handler                                   src/ASF/sam0/utils/cmsis/samd20/source/gcc/startup_samd20.o
SERCOM4_Handler                                   src/ASF/sam0/utils/cmsis/samd20/source/gcc/startup_samd20.o
SERCOM5_Handler                                   src/ASF/sam0/utils/cmsis/samd20/source/gcc/startup_samd20.o
SVC_Handler                                       src/ASF/sam0/utils/cmsis/samd20/source/gcc/startup_samd20.o
SYSCTRL_Handler                                   src/ASF/sam0/utils/cmsis/samd20/source/gcc/startup_samd20.o
SysTick_Handler                                   src/ASF/sam0/utils/cmsis/samd20/source/gcc/startup_samd20.o
SystemCoreClock                                   src/ASF/sam0/utils/cmsis/samd20/source/system_samd20.o
SystemCoreClockUpdate                             src/ASF/sam0/utils/cmsis/samd20/source/system_samd20.o
SystemInit                                        src/ASF/sam0/utils/cmsis/samd20/source/system_samd20.o
TC0_Handler                                       src/ASF/sam0/utils/cmsis/samd20/source/gcc/startup_samd20.o
TC1_Handler                                       src/ASF/sam0/utils/cmsis/samd20/source/gcc/startup_samd20.o
TC2_Handler                                       src/ASF/sam0/utils/cmsis/samd20/source/gcc/startup_samd20.o
TC3_Handler                                       src/ASF/sam0/utils/cmsis/samd20/source/gcc/startup_samd20.o
TC4_Handler                                       src/ASF/sam0/utils/cmsis/samd20/source/gcc/startup_samd20.o
TC5_Handler                                       src/ASF/sam0/utils/cmsis/samd20/source/gcc/startup_samd20.o
TC6_Handler                                       src/ASF/sam0/utils/cmsis/samd20/source/gcc/startup_samd20.o
TC7_Handler                                       src/ASF/sam0/utils/cmsis/samd20/source/gcc/startup_samd20.o
WDT_Handler                                       src/ASF/sam0/utils/cmsis/samd20/source/gcc/startup_samd20.o
_Jv_RegisterClasses                               c:/program files (x86)/atmel/studio/7.0/toolchain/arm/arm-gnu-toolchain/bin/../lib/gcc/arm-none-eabi/6.3.1/thumb/v6-m/crtbegin.o
__aeabi_idiv0                                     c:/program files (x86)/atmel/studio/7.0/toolchain/arm/arm-gnu-toolchain/bin/../lib/gcc/arm-none-eabi/6.3.1/thumb/v6-m\libgcc.a(_dvmd_tls.o)
                                                  c:/program files (x86)/atmel/studio/7.0/toolchain/arm/arm-gnu-toolchain/bin/../lib/gcc/arm-none-eabi/6.3.1/thumb/v6-m\libgcc.a(_udivsi3.o)
__aeabi_ldiv0                                     c:/program files (x86)/atmel/studio/7.0/toolchain/arm/arm-gnu-toolchain/bin/../lib/gcc/arm-none-eabi/6.3.1/thumb/v6-m\libgcc.a(_dvmd_tls.o)
__aeabi_uidiv                                     c:/program files (x86)/atmel/studio/7.0/toolchain/arm/arm-gnu-toolchain/bin/../lib/gcc/arm-none-eabi/6.3.1/thumb/v6-m\libgcc.a(_udivsi3.o)
                                                  src/ASF/sam0/drivers/system/clock/clock_samd20/gclk.o
__aeabi_uidivmod                                  c:/program files (x86)/atmel/studio/7.0/toolchain/arm/arm-gnu-toolchain/bin/../lib/gcc/arm-none-eabi/6.3.1/thumb/v6-m\libgcc.a(_udivsi3.o)
__bss_end__                                       c:/program files (x86)/atmel/studio/7.0/toolchain/arm/arm-gnu-toolchain/bin/../lib/gcc/arm-none-eabi/6.3.1/../../../../arm-none-eabi/lib/thumb/v6-m/crt0.o
__bss_start__                                     c:/program files (x86)/atmel/studio/7.0/toolchain/arm/arm-gnu-toolchain/bin/../lib/gcc/arm-none-eabi/6.3.1/../../../../arm-none-eabi/lib/thumb/v6-m/crt0.o
__call_exitprocs                                  c:/program files (x86)/atmel/studio/7.0/toolchain/arm/arm-gnu-toolchain/bin/../lib/gcc/arm-none-eabi/6.3.1/../../../../arm-none-eabi/lib/thumb/v6-m\libc_nano.a(lib_a-exit.o)
__deregister_frame_info                           c:/program files (x86)/atmel/studio/7.0/toolchain/arm/arm-gnu-toolchain/bin/../lib/gcc/arm-none-eabi/6.3.1/thumb/v6-m/crtbegin.o
__dso_handle                                      c:/program files (x86)/atmel/studio/7.0/toolchain/arm/arm-gnu-toolchain/bin/../lib/gcc/arm-none-eabi/6.3.1/thumb/v6-m/crtbegin.o
__init_array_end                                  c:/program files (x86)/atmel/studio/7.0/toolchain/arm/arm-gnu-toolchain/bin/../lib/gcc/arm-none-eabi/6.3.1/../../../../arm-none-eabi/lib/thumb/v6-m\libc_nano.a(lib_a-init.o)
__init_array_start                                c:/program files (x86)/atmel/studio/7.0/toolchain/arm/arm-gnu-toolchain/bin/../lib/gcc/arm-none-eabi/6.3.1/../../../../arm-none-eabi/lib/thumb/v6-m\libc_nano.a(lib_a-init.o)
__libc_fini_array                                 c:/program files (x86)/atmel/studio/7.0/toolchain/arm/arm-gnu-toolchain/bin/../lib/gcc/arm-none-eabi/6.3.1/../../../../arm-none-eabi/lib/thumb/v6-m/crt0.o
__libc_init_array                                 c:/program files (x86)/atmel/studio/7.0/toolchain/arm/arm-gnu-toolchain/bin/../lib/gcc/arm-none-eabi/6.3.1/../../../../arm-none-eabi/lib/thumb/v6-m\libc_nano.a(lib_a-init.o)
                                                  src/ASF/sam0/utils/cmsis/samd20/source/gcc/startup_samd20.o
                                                  c:/program files (x86)/atmel/studio/7.0/toolchain/arm/arm-gnu-toolchain/bin/../lib/gcc/arm-none-eabi/6.3.1/../../../../arm-none-eabi/lib/thumb/v6-m/crt0.o
__preinit_array_end                               c:/program files (x86)/atmel/studio/7.0/toolchain/arm/arm-gnu-toolchain/bin/../lib/gcc/arm-none-eabi/6.3.1/../../../../arm-none-eabi/lib/thumb/v6-m\libc_nano.a(lib_a-init.o)
__preinit_array_start                             c:/program files (x86)/atmel/studio/7.0/toolchain/arm/arm-gnu-toolchain/bin/../lib/gcc/arm-none-eabi/6.3.1/../../../../arm-none-eabi/lib/thumb/v6-m\libc_nano.a(lib_a-init.o)
__register_frame_info                             c:/program files (x86)/atmel/studio/7.0/toolchain/arm/arm-gnu-toolchain/bin/../lib/gcc/arm-none-eabi/6.3.1/thumb/v6-m/crtbegin.o
__sf_fake_stderr                                  c:/program files (x86)/atmel/studio/7.0/toolchain/arm/arm-gnu-toolchain/bin/../lib/gcc/arm-none-eabi/6.3.1/../../../../arm-none-eabi/lib/thumb/v6-m\libc_nano.a(lib_a-impure.o)
__sf_fake_stdin                                   c:/program files (x86)/atmel/studio/7.0/toolchain/arm/arm-gnu-toolchain/bin/../lib/gcc/arm-none-eabi/6.3.1/../../../../arm-none-eabi/lib/thumb/v6-m\libc_nano.a(lib_a-impure.o)
__sf_fake_stdout                                  c:/program files (x86)/atmel/studio/7.0/toolchain/arm/arm-gnu-toolchain/bin/../lib/gcc/arm-none-eabi/6.3.1/../../../../arm-none-eabi/lib/thumb/v6-m\libc_nano.a(lib_a-impure.o)
__stack                                           c:/program files (x86)/atmel/studio/7.0/toolchain/arm/arm-gnu-toolchain/bin/../lib/gcc/arm-none-eabi/6.3.1/../../../../arm-none-eabi/lib/thumb/v6-m/crt0.o
__udivsi3                                         c:/program files (x86)/atmel/studio/7.0/toolchain/arm/arm-gnu-toolchain/bin/../lib/gcc/arm-none-eabi/6.3.1/thumb/v6-m\libgcc.a(_udivsi3.o)
_close                                            src/ASF/sam0/utils/syscalls/gcc/syscalls.o
_end                                              src/ASF/sam0/utils/syscalls/gcc/syscalls.o
_erelocate                                        src/ASF/sam0/utils/cmsis/samd20/source/gcc/startup_samd20.o
_estack                                           src/ASF/sam0/utils/cmsis/samd20/source/gcc/startup_samd20.o
_etext                                            src/ASF/sam0/utils/cmsis/samd20/source/gcc/startup_samd20.o
_exit                                             src/ASF/sam0/utils/syscalls/gcc/syscalls.o
                                                  c:/program files (x86)/atmel/studio/7.0/toolchain/arm/arm-gnu-toolchain/bin/../lib/gcc/arm-none-eabi/6.3.1/../../../../arm-none-eabi/lib/thumb/v6-m\libc_nano.a(lib_a-exit.o)
_ezero                                            src/ASF/sam0/utils/cmsis/samd20/source/gcc/startup_samd20.o
_fini                                             c:/program files (x86)/atmel/studio/7.0/toolchain/arm/arm-gnu-toolchain/bin/../lib/gcc/arm-none-eabi/6.3.1/thumb/v6-m/crti.o
_fstat                                            src/ASF/sam0/utils/syscalls/gcc/syscalls.o
_getpid                                           src/ASF/sam0/utils/syscalls/gcc/syscalls.o
_global_impure_ptr                                c:/program files (x86)/atmel/studio/7.0/toolchain/arm/arm-gnu-toolchain/bin/../lib/gcc/arm-none-eabi/6.3.1/../../../../arm-none-eabi/lib/thumb/v6-m\libc_nano.a(lib_a-impure.o)
                                                  c:/program files (x86)/atmel/studio/7.0/toolchain/arm/arm-gnu-toolchain/bin/../lib/gcc/arm-none-eabi/6.3.1/../../../../arm-none-eabi/lib/thumb/v6-m\libc_nano.a(lib_a-exit.o)
_impure_ptr                                       c:/program files (x86)/atmel/studio/7.0/toolchain/arm/arm-gnu-toolchain/bin/../lib/gcc/arm-none-eabi/6.3.1/../../../../arm-none-eabi/lib/thumb/v6-m\libc_nano.a(lib_a-impure.o)
_init                                             c:/program files (x86)/atmel/studio/7.0/toolchain/arm/arm-gnu-toolchain/bin/../lib/gcc/arm-none-eabi/6.3.1/thumb/v6-m/crti.o
                                                  c:/program files (x86)/atmel/studio/7.0/toolchain/arm/arm-gnu-toolchain/bin/../lib/gcc/arm-none-eabi/6.3.1/../../../../arm-none-eabi/lib/thumb/v6-m\libc_nano.a(lib_a-init.o)
_isatty                                           src/ASF/sam0/utils/syscalls/gcc/syscalls.o
_kill                                             src/ASF/sam0/utils/syscalls/gcc/syscalls.o
_lseek                                            src/ASF/sam0/utils/syscalls/gcc/syscalls.o
_mainCRTStartup                                   c:/program files (x86)/atmel/studio/7.0/toolchain/arm/arm-gnu-toolchain/bin/../lib/gcc/arm-none-eabi/6.3.1/../../../../arm-none-eabi/lib/thumb/v6-m/crt0.o
_sbrk                                             src/ASF/sam0/utils/syscalls/gcc/syscalls.o
_sfixed                                           src/ASF/sam0/utils/cmsis/samd20/source/gcc/startup_samd20.o
_srelocate                                        src/ASF/sam0/utils/cmsis/samd20/source/gcc/startup_samd20.o
_start                                            c:/program files (x86)/atmel/studio/7.0/toolchain/arm/arm-gnu-toolchain/bin/../lib/gcc/arm-none-eabi/6.3.1/../../../../arm-none-eabi/lib/thumb/v6-m/crt0.o
_system_divas_init                                src/ASF/sam0/drivers/system/system.o
_system_dummy_init                                src/ASF/sam0/drivers/system/system.o
_system_events_init                               src/ASF/sam0/drivers/system/system.o
_system_extint_init                               src/ASF/sam0/drivers/system/system.o
_szero                                            src/ASF/sam0/utils/cmsis/samd20/source/gcc/startup_samd20.o
atexit                                            c:/program files (x86)/atmel/studio/7.0/toolchain/arm/arm-gnu-toolchain/bin/../lib/gcc/arm-none-eabi/6.3.1/../../../../arm-none-eabi/lib/thumb/v6-m/crt0.o
board_init                                        src/ASF/sam0/boards/samd20_xplained_pro/board_init.o
cpu_irq_enter_critical                            src/ASF/common/utils/interrupt/interrupt_sam_nvic.o
                                                  src/ASF/sam0/drivers/system/clock/clock_samd20/gclk.o
cpu_irq_leave_critical                            src/ASF/common/utils/interrupt/interrupt_sam_nvic.o
                                                  src/ASF/sam0/drivers/system/clock/clock_samd20/gclk.o
exception_table                                   src/ASF/sam0/utils/cmsis/samd20/source/gcc/startup_samd20.o
exit                                              c:/program files (x86)/atmel/studio/7.0/toolchain/arm/arm-gnu-toolchain/bin/../lib/gcc/arm-none-eabi/6.3.1/../../../../arm-none-eabi/lib/thumb/v6-m\libc_nano.a(lib_a-exit.o)
                                                  c:/program files (x86)/atmel/studio/7.0/toolchain/arm/arm-gnu-toolchain/bin/../lib/gcc/arm-none-eabi/6.3.1/../../../../arm-none-eabi/lib/thumb/v6-m/crt0.o
g_interrupt_enabled                               src/ASF/common/utils/interrupt/interrupt_sam_nvic.o
hardware_init_hook                                c:/program files (x86)/atmel/studio/7.0/toolchain/arm/arm-gnu-toolchain/bin/../lib/gcc/arm-none-eabi/6.3.1/../../../../arm-none-eabi/lib/thumb/v6-m/crt0.o
i                                                 src/main.o
i2c_clock_init                                    src/main.o
i2c_pin_init                                      src/main.o
i2c_slave_init                                    src/main.o
link                                              src/ASF/sam0/utils/syscalls/gcc/syscalls.o
main                                              src/main.o
                                                  src/ASF/sam0/utils/cmsis/samd20/source/gcc/startup_samd20.o
                                                  c:/program files (x86)/atmel/studio/7.0/toolchain/arm/arm-gnu-toolchain/bin/../lib/gcc/arm-none-eabi/6.3.1/../../../../arm-none-eabi/lib/thumb/v6-m/crt0.o
memset                                            c:/program files (x86)/atmel/studio/7.0/toolchain/arm/arm-gnu-toolchain/bin/../lib/gcc/arm-none-eabi/6.3.1/../../../../arm-none-eabi/lib/thumb/v6-m\libc_nano.a(lib_a-memset.o)
                                                  c:/program files (x86)/atmel/studio/7.0/toolchain/arm/arm-gnu-toolchain/bin/../lib/gcc/arm-none-eabi/6.3.1/../../../../arm-none-eabi/lib/thumb/v6-m/crt0.o
port_group_set_config                             src/ASF/sam0/drivers/port/port.o
port_pin_set_config                               src/ASF/sam0/drivers/port/port.o
                                                  src/ASF/sam0/boards/samd20_xplained_pro/board_init.o
rx_buf                                            src/main.o
software_init_hook                                c:/program files (x86)/atmel/studio/7.0/toolchain/arm/arm-gnu-toolchain/bin/../lib/gcc/arm-none-eabi/6.3.1/../../../../arm-none-eabi/lib/thumb/v6-m/crt0.o
system_board_init                                 src/ASF/sam0/boards/samd20_xplained_pro/board_init.o
system_clock_init                                 src/ASF/sam0/drivers/system/clock/clock_samd20/clock.o
system_clock_source_dfll_set_config               src/ASF/sam0/drivers/system/clock/clock_samd20/clock.o
system_clock_source_disable                       src/ASF/sam0/drivers/system/clock/clock_samd20/clock.o
system_clock_source_enable                        src/ASF/sam0/drivers/system/clock/clock_samd20/clock.o
system_clock_source_get_hz                        src/ASF/sam0/drivers/system/clock/clock_samd20/clock.o
                                                  src/ASF/sam0/drivers/system/clock/clock_samd20/gclk.o
system_clock_source_is_ready                      src/ASF/sam0/drivers/system/clock/clock_samd20/clock.o
system_clock_source_osc32k_set_config             src/ASF/sam0/drivers/system/clock/clock_samd20/clock.o
system_clock_source_osc8m_set_config              src/ASF/sam0/drivers/system/clock/clock_samd20/clock.o
system_clock_source_write_calibration             src/ASF/sam0/drivers/system/clock/clock_samd20/clock.o
system_clock_source_xosc32k_set_config            src/ASF/sam0/drivers/system/clock/clock_samd20/clock.o
system_clock_source_xosc_set_config               src/ASF/sam0/drivers/system/clock/clock_samd20/clock.o
system_gclk_chan_disable                          src/ASF/sam0/drivers/system/clock/clock_samd20/gclk.o
system_gclk_chan_enable                           src/ASF/sam0/drivers/system/clock/clock_samd20/gclk.o
                                                  src/main.o
system_gclk_chan_get_hz                           src/ASF/sam0/drivers/system/clock/clock_samd20/gclk.o
                                                  src/ASF/sam0/drivers/system/clock/clock_samd20/clock.o
system_gclk_chan_is_enabled                       src/ASF/sam0/drivers/system/clock/clock_samd20/gclk.o
system_gclk_chan_is_locked                        src/ASF/sam0/drivers/system/clock/clock_samd20/gclk.o
system_gclk_chan_lock                             src/ASF/sam0/drivers/system/clock/clock_samd20/gclk.o
system_gclk_chan_set_config                       src/ASF/sam0/drivers/system/clock/clock_samd20/gclk.o
                                                  src/main.o
                                                  src/ASF/sam0/drivers/system/clock/clock_samd20/clock.o
system_gclk_gen_disable                           src/ASF/sam0/drivers/system/clock/clock_samd20/gclk.o
system_gclk_gen_enable                            src/ASF/sam0/drivers/system/clock/clock_samd20/gclk.o
                                                  src/ASF/sam0/drivers/system/clock/clock_samd20/clock.o
system_gclk_gen_get_hz                            src/ASF/sam0/drivers/system/clock/clock_samd20/gclk.o
system_gclk_gen_is_enabled                        src/ASF/sam0/drivers/system/clock/clock_samd20/gclk.o
system_gclk_gen_set_config                        src/ASF/sam0/drivers/system/clock/clock_samd20/gclk.o
                                                  src/ASF/sam0/drivers/system/clock/clock_samd20/clock.o
system_gclk_init                                  src/ASF/sam0/drivers/system/clock/clock_samd20/gclk.o
                                                  src/ASF/sam0/drivers/system/clock/clock_samd20/clock.o
system_init                                       src/ASF/sam0/drivers/system/system.o
                                                  src/main.o
system_interrupt_clear_pending                    src/ASF/sam0/drivers/system/interrupt/system_interrupt.o
system_interrupt_get_priority                     src/ASF/sam0/drivers/system/interrupt/system_interrupt.o
system_interrupt_is_pending                       src/ASF/sam0/drivers/system/interrupt/system_interrupt.o
system_interrupt_set_pending                      src/ASF/sam0/drivers/system/interrupt/system_interrupt.o
system_interrupt_set_priority                     src/ASF/sam0/drivers/system/interrupt/system_interrupt.o
system_pinmux_group_set_config                    src/ASF/sam0/drivers/system/pinmux/pinmux.o
                                                  src/ASF/sam0/drivers/port/port.o
system_pinmux_group_set_input_sample_mode         src/ASF/sam0/drivers/system/pinmux/pinmux.o
system_pinmux_pin_set_config                      src/ASF/sam0/drivers/system/pinmux/pinmux.o
                                                  src/ASF/sam0/drivers/port/port.o
